2026-09-17 10:43:47.964: [INFO] CurrentProfilePath: C:\Users\diurno\Desktop\Programación\workspace2627\.metadata\.plugins\org.eclipse.swt\EBWebView\Default
2026-09-17 10:43:47.964: [INFO] Profiles total count: 1
2026-09-17 10:43:47.964: [INFO] Profile: name=Perfil 1 path=C:\Users\diurno\Desktop\Programación\workspace2627\.metadata\.plugins\org.eclipse.swt\EBWebView\Default lastActive=null
2026-09-17 10:43:47.964: [INFO] LastUsedProfileDir: C:\Users\diurno\Desktop\Programación\workspace2627\.metadata\.plugins\org.eclipse.swt\EBWebView\Default
2026-09-17 10:43:47.964: [INFO] OnDoneLoading sync enabled: 0
2026-09-17 10:43:47.964: [INFO] BookmarkModelLoaded, ids_reassigned: 0
2026-09-17 10:43:47.964: [INFO] BookmarksLoadDropped droppedNodes=0
2026-09-17 10:43:47.964: [INFO] BookmarksSnapshot Startup total=0 bar=0 other=0 mobile=0 showBar=0 showBarNTP=1
2026-09-17 10:43:57.493: [INFO] BookmarksSnapshot Shutdown total=0 bar=0 other=0 mobile=0 showBar=0 showBarNTP=1
2026-09-17 10:43:58.042: [INFO] CurrentProfilePath: C:\Users\diurno\Desktop\Programación\workspace2627\.metadata\.plugins\org.eclipse.swt\EBWebView\Default
2026-09-17 10:43:58.042: [INFO] Profiles total count: 1
2026-09-17 10:43:58.042: [INFO] Profile: name=Perfil 1 path=C:\Users\diurno\Desktop\Programación\workspace2627\.metadata\.plugins\org.eclipse.swt\EBWebView\Default lastActive=2026-09-17T10:43:48.653Z
2026-09-17 10:43:58.042: [INFO] LastUsedProfileDir: C:\Users\diurno\Desktop\Programación\workspace2627\.metadata\.plugins\org.eclipse.swt\EBWebView\Default
2026-09-17 10:43:58.042: [INFO] MostRecentlyActiveProfile: name=Perfil 1 path=C:\Users\diurno\Desktop\Programación\workspace2627\.metadata\.plugins\org.eclipse.swt\EBWebView\Default lastActive=2026-09-17T10:43:48.653Z
2026-09-17 10:43:58.042: [INFO] OnDoneLoading sync enabled: 0
2026-09-17 10:43:58.042: [INFO] BookmarkModelLoaded, ids_reassigned: 0
2026-09-17 10:43:58.042: [INFO] BookmarksLoadDropped droppedNodes=0
2026-09-17 10:43:58.042: [INFO] BookmarksSnapshot Startup total=0 bar=0 other=0 mobile=0 showBar=0 showBarNTP=1
2026-09-17 11:21:53.307: [INFO] BookmarksSnapshot Shutdown total=0 bar=0 other=0 mobile=0 showBar=0 showBarNTP=1
2026-09-18 08:13:03.249: [INFO] CurrentProfilePath: C:\Users\diurno\Desktop\Programación\workspace2627\.metadata\.plugins\org.eclipse.swt\EBWebView\Default
2026-09-18 08:13:03.249: [INFO] Profiles total count: 1
2026-09-18 08:13:03.249: [INFO] Profile: name=Perfil 1 path=C:\Users\diurno\Desktop\Programación\workspace2627\.metadata\.plugins\org.eclipse.swt\EBWebView\Default lastActive=2026-09-17T10:44:49.532Z
2026-09-18 08:13:03.249: [INFO] LastUsedProfileDir: C:\Users\diurno\Desktop\Programación\workspace2627\.metadata\.plugins\org.eclipse.swt\EBWebView\Default
2026-09-18 08:13:03.249: [INFO] MostRecentlyActiveProfile: name=Perfil 1 path=C:\Users\diurno\Desktop\Programación\workspace2627\.metadata\.plugins\org.eclipse.swt\EBWebView\Default lastActive=2026-09-17T10:44:49.532Z
2026-09-18 08:13:03.249: [INFO] OnDoneLoading sync enabled: 0
2026-09-18 08:13:03.249: [INFO] BookmarkModelLoaded, ids_reassigned: 0
2026-09-18 08:13:03.249: [INFO] BookmarksLoadDropped droppedNodes=0
2026-09-18 08:13:03.249: [INFO] BookmarksSnapshot Startup total=0 bar=0 other=0 mobile=0 showBar=0 showBarNTP=1
2026-09-18 10:26:38.863: [INFO] BookmarksSnapshot Shutdown total=0 bar=0 other=0 mobile=0 showBar=0 showBarNTP=1
2026-09-22 09:49:05.455: [INFO] CurrentProfilePath: C:\Users\diurno\Desktop\Programación\workspace2627\.metadata\.plugins\org.eclipse.swt\EBWebView\Default
2026-09-22 09:49:05.455: [INFO] Profiles total count: 1
2026-09-22 09:49:05.455: [INFO] Profile: name=Perfil 1 path=C:\Users\diurno\Desktop\Programación\workspace2627\.metadata\.plugins\org.eclipse.swt\EBWebView\Default lastActive=2026-09-17T10:44:49.532Z
2026-09-22 09:49:05.455: [INFO] LastUsedProfileDir: C:\Users\diurno\Desktop\Programación\workspace2627\.metadata\.plugins\org.eclipse.swt\EBWebView\Default
2026-09-22 09:49:05.455: [INFO] MostRecentlyActiveProfile: name=Perfil 1 path=C:\Users\diurno\Desktop\Programación\workspace2627\.metadata\.plugins\org.eclipse.swt\EBWebView\Default lastActive=2026-09-17T10:44:49.532Z
2026-09-22 09:49:05.455: [INFO] OnDoneLoading sync enabled: 0
2026-09-22 09:49:05.455: [INFO] BookmarkModelLoaded, ids_reassigned: 0
2026-09-22 09:49:05.455: [INFO] BookmarksLoadDropped droppedNodes=0
2026-09-22 09:49:05.455: [INFO] BookmarksSnapshot Startup total=0 bar=0 other=0 mobile=0 showBar=0 showBarNTP=1
2026-09-22 11:21:59.706: [INFO] BookmarksSnapshot Shutdown total=0 bar=0 other=0 mobile=0 showBar=0 showBarNTP=1
2026-09-24 09:40:46.146: [INFO] CurrentProfilePath: C:\Users\diurno\Desktop\Programación\workspace2627\.metadata\.plugins\org.eclipse.swt\EBWebView\Default
2026-09-24 09:40:46.146: [INFO] Profiles total count: 1
2026-09-24 09:40:46.146: [INFO] Profile: name=Perfil 1 path=C:\Users\diurno\Desktop\Programación\workspace2627\.metadata\.plugins\org.eclipse.swt\EBWebView\Default lastActive=2026-09-22T10:09:53.884Z
2026-09-24 09:40:46.146: [INFO] LastUsedProfileDir: C:\Users\diurno\Desktop\Programación\workspace2627\.metadata\.plugins\org.eclipse.swt\EBWebView\Default
2026-09-24 09:40:46.146: [INFO] MostRecentlyActiveProfile: name=Perfil 1 path=C:\Users\diurno\Desktop\Programación\workspace2627\.metadata\.plugins\org.eclipse.swt\EBWebView\Default lastActive=2026-09-22T10:09:53.884Z
2026-09-24 09:40:46.146: [INFO] OnDoneLoading sync enabled: 0
2026-09-24 09:40:46.146: [INFO] BookmarkModelLoaded, ids_reassigned: 0
2026-09-24 09:40:46.146: [INFO] BookmarksLoadDropped droppedNodes=0
2026-09-24 09:40:46.146: [INFO] BookmarksSnapshot Startup total=0 bar=0 other=0 mobile=0 showBar=0 showBarNTP=1
2026-09-24 11:11:32.437: [INFO] BookmarksSnapshot Shutdown total=0 bar=0 other=0 mobile=0 showBar=0 showBarNTP=1
2026-09-25 08:23:20.751: [INFO] CurrentProfilePath: C:\Users\diurno\Desktop\Programación\workspace2627\.metadata\.plugins\org.eclipse.swt\EBWebView\Default
2026-09-25 08:23:20.751: [INFO] Profiles total count: 1
2026-09-25 08:23:20.751: [INFO] Profile: name=Perfil 1 path=C:\Users\diurno\Desktop\Programación\workspace2627\.metadata\.plugins\org.eclipse.swt\EBWebView\Default lastActive=2026-09-24T10:42:37.128Z
2026-09-25 08:23:20.751: [INFO] LastUsedProfileDir: C:\Users\diurno\Desktop\Programación\workspace2627\.metadata\.plugins\org.eclipse.swt\EBWebView\Default
2026-09-25 08:23:20.751: [INFO] MostRecentlyActiveProfile: name=Perfil 1 path=C:\Users\diurno\Desktop\Programación\workspace2627\.metadata\.plugins\org.eclipse.swt\EBWebView\Default lastActive=2026-09-24T10:42:37.128Z
2026-09-25 08:23:20.751: [INFO] OnDoneLoading sync enabled: 0
2026-09-25 08:23:20.751: [INFO] BookmarkModelLoaded, ids_reassigned: 0
2026-09-25 08:23:20.751: [INFO] BookmarksLoadDropped droppedNodes=0
2026-09-25 08:23:20.751: [INFO] BookmarksSnapshot Startup total=0 bar=0 other=0 mobile=0 showBar=0 showBarNTP=1
2026-09-25 10:18:07.739: [INFO] BookmarksSnapshot Shutdown total=0 bar=0 other=0 mobile=0 showBar=0 showBarNTP=1
2026-09-25 10:26:57.178: [INFO] CurrentProfilePath: C:\Users\diurno\Desktop\Programación\workspace2627\.metadata\.plugins\org.eclipse.swt\EBWebView\Default
2026-09-25 10:26:57.178: [INFO] Profiles total count: 1
2026-09-25 10:26:57.178: [INFO] Profile: name=Perfil 1 path=C:\Users\diurno\Desktop\Programación\workspace2627\.metadata\.plugins\org.eclipse.swt\EBWebView\Default lastActive=2026-09-25T08:23:33.584Z
2026-09-25 10:26:57.178: [INFO] LastUsedProfileDir: C:\Users\diurno\Desktop\Programación\workspace2627\.metadata\.plugins\org.eclipse.swt\EBWebView\Default
2026-09-25 10:26:57.178: [INFO] MostRecentlyActiveProfile: name=Perfil 1 path=C:\Users\diurno\Desktop\Programación\workspace2627\.metadata\.plugins\org.eclipse.swt\EBWebView\Default lastActive=2026-09-25T08:23:33.584Z
2026-09-25 10:26:57.178: [INFO] OnDoneLoading sync enabled: 0
2026-09-25 10:26:57.178: [INFO] BookmarkModelLoaded, ids_reassigned: 0
2026-09-25 10:26:57.178: [INFO] BookmarksLoadDropped droppedNodes=0
2026-09-25 10:26:57.178: [INFO] BookmarksSnapshot Startup total=0 bar=0 other=0 mobile=0 showBar=0 showBarNTP=1
2026-09-25 10:27:37.698: [INFO] BookmarksSnapshot Shutdown total=0 bar=0 other=0 mobile=0 showBar=0 showBarNTP=1
2026-09-29 09:38:38.163: [INFO] CurrentProfilePath: C:\Users\diurno\Desktop\Programación\workspace2627\.metadata\.plugins\org.eclipse.swt\EBWebView\Default
2026-09-29 09:38:38.163: [INFO] Profiles total count: 1
2026-09-29 09:38:38.163: [INFO] Profile: name=Perfil 1 path=C:\Users\diurno\Desktop\Programación\workspace2627\.metadata\.plugins\org.eclipse.swt\EBWebView\Default lastActive=2026-09-25T10:26:59.279Z
2026-09-29 09:38:38.163: [INFO] LastUsedProfileDir: C:\Users\diurno\Desktop\Programación\workspace2627\.metadata\.plugins\org.eclipse.swt\EBWebView\Default
2026-09-29 09:38:38.163: [INFO] MostRecentlyActiveProfile: name=Perfil 1 path=C:\Users\diurno\Desktop\Programación\workspace2627\.metadata\.plugins\org.eclipse.swt\EBWebView\Default lastActive=2026-09-25T10:26:59.279Z
2026-09-29 09:38:38.163: [INFO] OnDoneLoading sync enabled: 0
2026-09-29 09:38:38.163: [INFO] BookmarkModelLoaded, ids_reassigned: 0
2026-09-29 09:38:38.163: [INFO] BookmarksLoadDropped droppedNodes=0
2026-09-29 09:38:38.163: [INFO] BookmarksSnapshot Startup total=0 bar=0 other=0 mobile=0 showBar=0 showBarNTP=1
2026-09-29 11:24:40.781: [INFO] BookmarksSnapshot Shutdown total=0 bar=0 other=0 mobile=0 showBar=0 showBarNTP=1
2026-10-01 09:41:38.698: [INFO] CurrentProfilePath: C:\Users\diurno\Desktop\Programación\workspace2627\.metadata\.plugins\org.eclipse.swt\EBWebView\Default
2026-10-01 09:41:38.698: [INFO] Profiles total count: 1
2026-10-01 09:41:38.699: [INFO] Profile: name=Perfil 1 path=C:\Users\diurno\Desktop\Programación\workspace2627\.metadata\.plugins\org.eclipse.swt\EBWebView\Default lastActive=2026-09-29T09:41:21.405Z
2026-10-01 09:41:38.699: [INFO] LastUsedProfileDir: C:\Users\diurno\Desktop\Programación\workspace2627\.metadata\.plugins\org.eclipse.swt\EBWebView\Default
2026-10-01 09:41:38.699: [INFO] MostRecentlyActiveProfile: name=Perfil 1 path=C:\Users\diurno\Desktop\Programación\workspace2627\.metadata\.plugins\org.eclipse.swt\EBWebView\Default lastActive=2026-09-29T09:41:21.405Z
2026-10-01 09:41:38.699: [INFO] OnDoneLoading sync enabled: 0
2026-10-01 09:41:38.699: [INFO] BookmarkModelLoaded, ids_reassigned: 0
2026-10-01 09:41:38.699: [INFO] BookmarksLoadDropped droppedNodes=0
2026-10-01 09:41:38.699: [INFO] BookmarksSnapshot Startup total=0 bar=0 other=0 mobile=0 showBar=0 showBarNTP=1
2026-10-01 10:32:18.166: [INFO] CurrentProfilePath: C:\Users\diurno\Desktop\Programación\repositorio\.metadata\.plugins\org.eclipse.swt\EBWebView\Default
2026-10-01 10:32:18.166: [INFO] Profiles total count: 1
2026-10-01 10:32:18.166: [INFO] Profile: name=Perfil 1 path=C:\Users\diurno\Desktop\Programación\repositorio\.metadata\.plugins\org.eclipse.swt\EBWebView\Default lastActive=2026-10-01T09:41:51.643Z
2026-10-01 10:32:18.166: [INFO] LastUsedProfileDir: C:\Users\diurno\Desktop\Programación\repositorio\.metadata\.plugins\org.eclipse.swt\EBWebView\Default
2026-10-01 10:32:18.166: [INFO] MostRecentlyActiveProfile: name=Perfil 1 path=C:\Users\diurno\Desktop\Programación\repositorio\.metadata\.plugins\org.eclipse.swt\EBWebView\Default lastActive=2026-10-01T09:41:51.643Z
2026-10-01 10:32:18.166: [INFO] OnDoneLoading sync enabled: 0
2026-10-01 10:32:18.166: [INFO] BookmarkModelLoaded, ids_reassigned: 0
2026-10-01 10:32:18.166: [INFO] BookmarksLoadDropped droppedNodes=0
2026-10-01 10:32:18.166: [INFO] BookmarksSnapshot Startup total=0 bar=0 other=0 mobile=0 showBar=0 showBarNTP=1
2026-10-01 11:18:40.646: [INFO] BookmarksSnapshot Shutdown total=0 bar=0 other=0 mobile=0 showBar=0 showBarNTP=1
2026-10-02 08:11:50.864: [INFO] CurrentProfilePath: C:\Users\diurno\Desktop\Programación\repositorio\.metadata\.plugins\org.eclipse.swt\EBWebView\Default
2026-10-02 08:11:50.864: [INFO] Profiles total count: 1
2026-10-02 08:11:50.864: [INFO] Profile: name=Perfil 1 path=C:\Users\diurno\Desktop\Programación\repositorio\.metadata\.plugins\org.eclipse.swt\EBWebView\Default lastActive=2026-10-01T10:32:21.227Z
2026-10-02 08:11:50.864: [INFO] LastUsedProfileDir: C:\Users\diurno\Desktop\Programación\repositorio\.metadata\.plugins\org.eclipse.swt\EBWebView\Default
2026-10-02 08:11:50.864: [INFO] MostRecentlyActiveProfile: name=Perfil 1 path=C:\Users\diurno\Desktop\Programación\repositorio\.metadata\.plugins\org.eclipse.swt\EBWebView\Default lastActive=2026-10-01T10:32:21.227Z
2026-10-02 08:11:50.864: [INFO] OnDoneLoading sync enabled: 0
2026-10-02 08:11:50.864: [INFO] BookmarkModelLoaded, ids_reassigned: 0
2026-10-02 08:11:50.864: [INFO] BookmarksLoadDropped droppedNodes=0
2026-10-02 08:11:50.864: [INFO] BookmarksSnapshot Startup total=0 bar=0 other=0 mobile=0 showBar=0 showBarNTP=1
2026-10-02 10:27:43.357: [INFO] BookmarksSnapshot Shutdown total=0 bar=0 other=0 mobile=0 showBar=0 showBarNTP=1
2026-10-06 09:51:29.561: [INFO] CurrentProfilePath: C:\Users\diurno\Desktop\Programación\repositorio\.metadata\.plugins\org.eclipse.swt\EBWebView\Default
2026-10-06 09:51:29.561: [INFO] Profiles total count: 1
2026-10-06 09:51:29.561: [INFO] Profile: name=Perfil 1 path=C:\Users\diurno\Desktop\Programación\repositorio\.metadata\.plugins\org.eclipse.swt\EBWebView\Default lastActive=2026-10-02T08:12:37.685Z
2026-10-06 09:51:29.561: [INFO] LastUsedProfileDir: C:\Users\diurno\Desktop\Programación\repositorio\.metadata\.plugins\org.eclipse.swt\EBWebView\Default
2026-10-06 09:51:29.561: [INFO] MostRecentlyActiveProfile: name=Perfil 1 path=C:\Users\diurno\Desktop\Programación\repositorio\.metadata\.plugins\org.eclipse.swt\EBWebView\Default lastActive=2026-10-02T08:12:37.685Z
2026-10-06 09:51:29.561: [INFO] OnDoneLoading sync enabled: 0
2026-10-06 09:51:29.561: [INFO] BookmarkModelLoaded, ids_reassigned: 0
2026-10-06 09:51:29.561: [INFO] BookmarksLoadDropped droppedNodes=0
2026-10-06 09:51:29.561: [INFO] BookmarksSnapshot Startup total=0 bar=0 other=0 mobile=0 showBar=0 showBarNTP=1
2026-10-06 11:19:45.936: [INFO] BookmarksSnapshot Shutdown total=0 bar=0 other=0 mobile=0 showBar=0 showBarNTP=1
2026-10-08 09:43:31.638: [INFO] CurrentProfilePath: C:\Users\diurno\Desktop\Programación\repositorio\.metadata\.plugins\org.eclipse.swt\EBWebView\Default
2026-10-08 09:43:31.638: [INFO] Profiles total count: 1
2026-10-08 09:43:31.639: [INFO] Profile: name=Perfil 1 path=C:\Users\diurno\Desktop\Programación\repositorio\.metadata\.plugins\org.eclipse.swt\EBWebView\Default lastActive=2026-10-06T09:51:34.819Z
2026-10-08 09:43:31.639: [INFO] LastUsedProfileDir: C:\Users\diurno\Desktop\Programación\repositorio\.metadata\.plugins\org.eclipse.swt\EBWebView\Default
2026-10-08 09:43:31.639: [INFO] MostRecentlyActiveProfile: name=Perfil 1 path=C:\Users\diurno\Desktop\Programación\repositorio\.metadata\.plugins\org.eclipse.swt\EBWebView\Default lastActive=2026-10-06T09:51:34.819Z
2026-10-08 09:43:31.639: [INFO] OnDoneLoading sync enabled: 0
2026-10-08 09:43:31.639: [INFO] BookmarkModelLoaded, ids_reassigned: 0
2026-10-08 09:43:31.639: [INFO] BookmarksLoadDropped droppedNodes=0
2026-10-08 09:43:31.639: [INFO] BookmarksSnapshot Startup total=0 bar=0 other=0 mobile=0 showBar=0 showBarNTP=1
2026-10-08 09:44:30.388: [INFO] BookmarksSnapshot Shutdown total=0 bar=0 other=0 mobile=0 showBar=0 showBarNTP=1
2026-10-08 10:00:30.310: [INFO] CurrentProfilePath: C:\Users\diurno\Desktop\Programación\repositorio\.metadata\.plugins\org.eclipse.swt\EBWebView\Default
2026-10-08 10:00:30.310: [INFO] Profiles total count: 1
2026-10-08 10:00:30.310: [INFO] Profile: name=Perfil 1 path=C:\Users\diurno\Desktop\Programación\repositorio\.metadata\.plugins\org.eclipse.swt\EBWebView\Default lastActive=2026-10-08T09:44:27.026Z
2026-10-08 10:00:30.310: [INFO] LastUsedProfileDir: C:\Users\diurno\Desktop\Programación\repositorio\.metadata\.plugins\org.eclipse.swt\EBWebView\Default
2026-10-08 10:00:30.310: [INFO] MostRecentlyActiveProfile: name=Perfil 1 path=C:\Users\diurno\Desktop\Programación\repositorio\.metadata\.plugins\org.eclipse.swt\EBWebView\Default lastActive=2026-10-08T09:44:27.026Z
2026-10-08 10:00:30.310: [INFO] OnDoneLoading sync enabled: 0
2026-10-08 10:00:30.310: [INFO] BookmarkModelLoaded, ids_reassigned: 0
2026-10-08 10:00:30.310: [INFO] BookmarksLoadDropped droppedNodes=0
2026-10-08 10:00:30.310: [INFO] BookmarksSnapshot Startup total=0 bar=0 other=0 mobile=0 showBar=0 showBarNTP=1
2026-10-08 10:45:13.941: [INFO] BookmarksSnapshot Shutdown total=0 bar=0 other=0 mobile=0 showBar=0 showBarNTP=1
2026-10-08 10:46:14.053: [INFO] CurrentProfilePath: C:\Users\diurno\Desktop\Programación\repositorio\.metadata\.plugins\org.eclipse.swt\EBWebView\Default
2026-10-08 10:46:14.053: [INFO] Profiles total count: 1
2026-10-08 10:46:14.054: [INFO] Profile: name=Perfil 1 path=C:\Users\diurno\Desktop\Programación\repositorio\.metadata\.plugins\org.eclipse.swt\EBWebView\Default lastActive=2026-10-08T09:44:27.026Z
2026-10-08 10:46:14.054: [INFO] LastUsedProfileDir: C:\Users\diurno\Desktop\Programación\repositorio\.metadata\.plugins\org.eclipse.swt\EBWebView\Default
2026-10-08 10:46:14.054: [INFO] MostRecentlyActiveProfile: name=Perfil 1 path=C:\Users\diurno\Desktop\Programación\repositorio\.metadata\.plugins\org.eclipse.swt\EBWebView\Default lastActive=2026-10-08T09:44:27.026Z
2026-10-08 10:46:14.054: [INFO] OnDoneLoading sync enabled: 0
2026-10-08 10:46:14.054: [INFO] BookmarkModelLoaded, ids_reassigned: 0
2026-10-08 10:46:14.054: [INFO] BookmarksLoadDropped droppedNodes=0
2026-10-08 10:46:14.054: [INFO] BookmarksSnapshot Startup total=0 bar=0 other=0 mobile=0 showBar=0 showBarNTP=1
2026-10-08 11:13:05.820: [INFO] BookmarksSnapshot Shutdown total=0 bar=0 other=0 mobile=0 showBar=0 showBarNTP=1
